Microchip MPLAB XC8 Compiler V2.45

Linker command line:

-W-3 \
  --edf=C:\Program Files\Microchip\xc8\v2.45\pic\dat\20230818022343_en.msgs \
  -cn -h+dist/default/debug\embedded_sys.debug.sym \
  --cmf=dist/default/debug\embedded_sys.debug.cmf -z -Q18F4620 \
  -oC:\Users\ABDELR~1\AppData\Local\Temp\xcAs1v8.\driver_tmp_3.o \
  --defsym=__MPLAB_BUILD=1 --fixupoverflow=error \
  -Mdist/default/debug/embedded_sys.debug.map \
  --md=C:\Users\ABDELR~1\AppData\Local\Temp\xcAs1v8.\driver_tmp_0.dat -E1 \
  -ver=XC8 Compiler --acfsm=1493 -ACODE=00h-0FFFFh -ACONST=00h-0FFFFh \
  -ASMALLCONST=01000h-010FFhx240 -AMEDIUMCONST=01000h-0FFFFh \
  -ACOMRAM=01h-07Fh -AABS1=00h-0F7Fh -ABIGRAM=01h-0F7Fh \
  -ARAM=080h-0FFh,0100h-01FFhx14,0F00h-0F7Fh -ABANK0=080h-0FFh \
  -ABANK1=0100h-01FFh -ABANK2=0200h-02FFh -ABANK3=0300h-03FFh \
  -ABANK4=0400h-04FFh -ABANK5=0500h-05FFh -ABANK6=0600h-06FFh \
  -ABANK7=0700h-07FFh -ABANK8=0800h-08FFh -ABANK9=0900h-09FFh \
  -ABANK10=0A00h-0AFFh -ABANK11=0B00h-0BFFh -ABANK12=0C00h-0CFFh \
  -ABANK13=0D00h-0DFFh -ABANK14=0E00h-0EFFh -ABANK15=0F00h-0F7Fh \
  -ASFR=0F80h-0FFFh -ABIGSFR=0F80h-0FFFh -ACONFIG=0300000h-030000Dh \
  -AIDLOC=0200000h-0200007h -AEEDATA=0F00000h-0F003FFh -peeprom_data=EEDATA \
  -preset_vec=00h,intcode=08h,intcodelo,powerup,init -pramtop=01000h \
  -psmallconst=SMALLCONST -pmediumconst=MEDIUMCONST -pconst=CONST \
  -AFARRAM=00h-00h \
  -prdata=COMRAM,nvrram=COMRAM,nvbit=COMRAM,rbss=COMRAM,rbit=COMRAM \
  -pfarbss=FARRAM,fardata=FARRAM,nvFARRAM=FARRAM \
  -pintsave_regs=BIGRAM,bigbss=BIGRAM,bigdata=BIGRAM -pbss=RAM \
  -pidata=CODE,irdata=CODE,ibigdata=CODE,ifardata=CODE -prparam=COMRAM \
  C:\Users\ABDELR~1\AppData\Local\Temp\xcAs1v8.\driver_tmp_9.o \
  dist/default/debug\embedded_sys.debug.o 

Object code version is 3.11

Machine type is 18F4620



                Name                               Link     Load   Length Selector   Space Scale
C:\Users\ABDELR~1\AppData\Local\Temp\xcAs1v8.\driver_tmp_9.o
                init                                  E        E        4        4       0
                reset_vec                             0        0        4        0       0
dist/default/debug\embedded_sys.debug.o
                intcode                               8        8        6        4       0
                temp                                 6B       6B        1        1       1
                smallconst                         1000     1000       56      800       0
                text30                             2310     2310        4      82B       0
                text29                             2266     2266       36      82B       0
                intcode_body                       2230     2230       36      82B       0
                text27                             1996     1996       C4      82B       0
                text26                             1A5A     1A5A       B0      82B       0
                text25                             1D5A     1D5A       76      82B       0
                text24                             1FA0     1FA0       52      82B       0
                text23                             21C0     21C0       3A      82B       0
                text22                             1C56     1C56       8E      82B       0
                text21                             20CC     20CC       42      82B       0
                text20                             159C     159C      126      82B       0
                text19                             16C2     16C2      110      82B       0
                text18                             1E38     1E38       5E      82B       0
                text17                             1DD0     1DD0       68      82B       0
                text16                             22EE     22EE       22      82B       0
                text15                             1FF2     1FF2       50      82B       0
                text14                             1F48     1F48       58      82B       0
                text13                             22C8     22C8       26      82B       0
                text12                             1CE4     1CE4       76      82B       0
                text11                             17D2     17D2       E6      82B       0
                text10                             2042     2042       48      82B       0
                text9                              229C     229C       2C      82B       0
                text8                              208A     208A       42      82B       0
                text7                              1BB2     1BB2       A4      82B       0
                text6                              18B8     18B8       DE      82B       0
                text5                              1EF0     1EF0       58      82B       0
                text4                              1B0A     1B0A       A8      82B       0
                text3                              214A     214A       3C      82B       0
                text2                              1E96     1E96       5A      82B       0
                text1                              2186     2186       3A      82B       0
                text0                              1056     1056      546      82B       0
                cstackCOMRAM                         3D       3D       1D        1       1
                dataCOMRAM                            1        1       3C        1       1
                bssCOMRAM                            5A       5A       11        1       1
                cinit                              21FA     21FA       36      82B       0
                idataCOMRAM                        210E     210E       3C      82B       0

TOTAL           Name                               Link     Load   Length     Space
        CLASS   CODE           
                intcode                               8        8        6         0
                init                                  E        E        4         0
                reset_vec                             0        0        4         0
                text30                             2310     2310        4         0
                text29                             2266     2266       36         0
                intcode_body                       2230     2230       36         0
                text27                             1996     1996       C4         0
                text26                             1A5A     1A5A       B0         0
                text25                             1D5A     1D5A       76         0
                text24                             1FA0     1FA0       52         0
                text23                             21C0     21C0       3A         0
                text22                             1C56     1C56       8E         0
                text21                             20CC     20CC       42         0
                text20                             159C     159C      126         0
                text19                             16C2     16C2      110         0
                text18                             1E38     1E38       5E         0
                text17                             1DD0     1DD0       68         0
                text16                             22EE     22EE       22         0
                text15                             1FF2     1FF2       50         0
                text14                             1F48     1F48       58         0
                text13                             22C8     22C8       26         0
                text12                             1CE4     1CE4       76         0
                text11                             17D2     17D2       E6         0
                text10                             2042     2042       48         0
                text9                              229C     229C       2C         0
                text8                              208A     208A       42         0
                text7                              1BB2     1BB2       A4         0
                text6                              18B8     18B8       DE         0
                text5                              1EF0     1EF0       58         0
                text4                              1B0A     1B0A       A8         0
                text3                              214A     214A       3C         0
                text2                              1E96     1E96       5A         0
                text1                              2186     2186       3A         0
                text0                              1056     1056      546         0
                cinit                              21FA     21FA       36         0
                idataCOMRAM                        210E     210E       3C         0

        CLASS   CONST          

        CLASS   SMALLCONST     
                smallconst                         1000     1000       56         0

        CLASS   MEDIUMCONST    

        CLASS   COMRAM         
                temp                                 6B       6B        1         1
                cstackCOMRAM                         3D       3D       1D         1
                dataCOMRAM                            1        1       3C         1
                bssCOMRAM                            5A       5A       11         1

        CLASS   ABS1           

        CLASS   BIGRAM         

        CLASS   RAM            

        CLASS   BANK0          

        CLASS   BANK1          

        CLASS   BANK2          

        CLASS   BANK3          

        CLASS   BANK4          

        CLASS   BANK5          

        CLASS   BANK6          

        CLASS   BANK7          

        CLASS   BANK8          

        CLASS   BANK9          

        CLASS   BANK10         

        CLASS   BANK11         

        CLASS   BANK12         

        CLASS   BANK13         

        CLASS   BANK14         

        CLASS   BANK15         

        CLASS   SFR            

        CLASS   BIGSFR         

        CLASS   CONFIG         

        CLASS   IDLOC          

        CLASS   EEDATA         

        CLASS   FARRAM         

        CLASS   HEAP           

        CLASS   STACK          



SEGMENTS        Name                           Load    Length   Top    Selector   Space  Class

                reset_vec                      000000  000004  000004         0       0  CODE    
                dataCOMRAM                     000001  00006B  00006C         1       1  COMRAM  
                intcode                        000008  00000A  000012         4       0  CODE    
                smallconst                     001000  000056  001056       800       0  SMALLCON
                text0                          001056  0012BE  002314       82B       0  CODE    


UNUSED ADDRESS RANGES

        Name                Unused          Largest block    Delta
        BANK0            0080-00FF             80
        BANK1            0100-01FF            100
        BANK10           0A00-0AFF            100
        BANK11           0B00-0BFF            100
        BANK12           0C00-0CFF            100
        BANK13           0D00-0DFF            100
        BANK14           0E00-0EFF            100
        BANK15           0F00-0F7F             80
        BANK2            0200-02FF            100
        BANK3            0300-03FF            100
        BANK4            0400-04FF            100
        BANK5            0500-05FF            100
        BANK6            0600-06FF            100
        BANK7            0700-07FF            100
        BANK8            0800-08FF            100
        BANK9            0900-09FF            100
        BIGRAM           006C-0F7F            F14
        BIGSFR           0F80-0FFF             80
        CODE             0004-0007              4
                         0012-0FFF            FEE
                         2314-FFFF           DCEC
        COMRAM           006C-007F             14
        CONFIG           300000-30000D              E
        CONST            0004-0007              4
                         0012-0FFF            FEE
                         2314-FFFF           DCEC
        EEDATA           F00000-F003FF            400
        IDLOC            200000-200007              8
        MEDIUMCONST      2314-FFFF           DCEC
        RAM              0080-0F7F            100
        SFR              0F80-0FFF             80
        SMALLCONST       2314-FFFF            100

                                  Symbol Table

?___awdiv                                 cstackCOMRAM 003F
?___awmod                                 cstackCOMRAM 003F
Timer0_Init@_timer                        cstackCOMRAM 0041
Timer0_Init@ret                           cstackCOMRAM 0044
Timer0_Mode_Select@_timer                 cstackCOMRAM 003F
Timer0_Prescaler_Config@_timer            cstackCOMRAM 003F
Timer0_Register_Size_Config@_timer        cstackCOMRAM 003F
_INTCONbits                               (abs)        0FF2
_InterruptManagerHigh                     intcode      0008
_Interrupt_handler                        text30       2310
_LATA                                     (abs)        0F89
_LATB                                     (abs)        0F8A
_LATC                                     (abs)        0F8B
_LATD                                     (abs)        0F8C
_LATE                                     (abs)        0F8D
_PORTA                                    (abs)        0F80
_PORTB                                    (abs)        0F81
_PORTC                                    (abs)        0F82
_PORTD                                    (abs)        0F83
_PORTE                                    (abs)        0F84
_RB4_flag                                 dataCOMRAM   0022
_RB5_flag                                 dataCOMRAM   0021
_RB6_flag                                 dataCOMRAM   0020
_RB7_flag                                 dataCOMRAM   001F
_T0CONbits                                (abs)        0FD5
_TMR0H                                    (abs)        0FD7
_TMR0L                                    (abs)        0FD6
_TMR0_ISR                                 text29       2266
_TMR0_InterruptHandler                    bssCOMRAM    0060
_TRISA                                    (abs)        0F92
_TRISB                                    (abs)        0F93
_TRISC                                    (abs)        0F94
_TRISD                                    (abs)        0F95
_TRISE                                    (abs)        0F96
_Timer0_Init                              text22       1C56
_Timer0_Mode_Select                       text25       1D5A
_Timer0_Prescaler_Config                  text24       1FA0
_Timer0_Register_Size_Config              text23       21C0
__HRAM                                    (abs)        0000
__H__absolute__                           __absolute__ 0000
__Habs1                                   abs1         0000
__Hbank0                                  bank0        0000
__Hbank1                                  bank1        0000
__Hbank10                                 bank10       0000
__Hbank11                                 bank11       0000
__Hbank12                                 bank12       0000
__Hbank13                                 bank13       0000
__Hbank14                                 bank14       0000
__Hbank15                                 bank15       0000
__Hbank2                                  bank2        0000
__Hbank3                                  bank3        0000
__Hbank4                                  bank4        0000
__Hbank5                                  bank5        0000
__Hbank6                                  bank6        0000
__Hbank7                                  bank7        0000
__Hbank8                                  bank8        0000
__Hbank9                                  bank9        0000
__Hbigbss                                 bigbss       0000
__Hbigdata                                bigdata      0000
__Hbigram                                 bigram       0000
__Hbigsfr                                 bigsfr       0000
__Hbss                                    bss          0000
__HbssCOMRAM                              bssCOMRAM    0000
__Hcinit                                  cinit        0000
__Hclrtext                                clrtext      0000
__Hcomram                                 comram       0000
__Hconfig                                 config       0000
__Hconst                                  const        0000
__HcstackCOMRAM                           cstackCOMRAM 0000
__Hdata                                   data         0000
__HdataCOMRAM                             dataCOMRAM   0000
__Heeprom_data                            eeprom_data  0000
__Hfarbss                                 farbss       0000
__Hfardata                                fardata      0000
__Hheap                                   heap         0000
__Hibigdata                               ibigdata     0000
__Hidata                                  idata        0000
__HidataCOMRAM                            idataCOMRAM  0000
__Hidloc                                  idloc        0000
__Hifardata                               ifardata     0000
__Hinit                                   init         0012
__Hintcode                                intcode      000E
__Hintcode_body                           intcode_body 0000
__Hintcodelo                              intcodelo    000E
__Hintentry                               intentry     0000
__Hintret                                 intret       0000
__Hintsave_regs                           intsave_regs 0000
__Hirdata                                 irdata       0000
__Hmediumconst                            mediumconst  0000
__HnvFARRAM                               nvFARRAM     0000
__Hnvbit                                  nvbit        0000
__Hnvrram                                 nvrram       0000
__Hparam                                  rparam       0000
__Hpowerup                                powerup      000E
__Hram                                    ram          0000
__Hramtop                                 ramtop       1000
__Hrbit                                   rbit         0000
__Hrbss                                   rbss         0000
__Hrdata                                  rdata        0000
__Hreset_vec                              reset_vec    0004
__Hrparam                                 rparam       0000
__Hsfr                                    sfr          0000
__Hsmallconst                             smallconst   1056
__Hspace_0                                (abs)        2314
__Hspace_1                                (abs)        006C
__Hspace_2                                (abs)        0000
__Hspace_4                                (abs)        0000
__Hstack                                  stack        0000
__Hstruct                                 struct       0000
__Htemp                                   temp         006C
__Htext                                   text         0000
__Htext0                                  text0        0000
__Htext1                                  text1        0000
__Htext10                                 text10       0000
__Htext11                                 text11       0000
__Htext12                                 text12       0000
__Htext13                                 text13       0000
__Htext14                                 text14       0000
__Htext15                                 text15       0000
__Htext16                                 text16       0000
__Htext17                                 text17       0000
__Htext18                                 text18       0000
__Htext19                                 text19       0000
__Htext2                                  text2        0000
__Htext20                                 text20       0000
__Htext21                                 text21       0000
__Htext22                                 text22       0000
__Htext23                                 text23       0000
__Htext24                                 text24       0000
__Htext25                                 text25       0000
__Htext26                                 text26       0000
__Htext27                                 text27       0000
__Htext29                                 text29       0000
__Htext3                                  text3        0000
__Htext30                                 text30       0000
__Htext31                                 text31       0000
__Htext4                                  text4        0000
__Htext5                                  text5        0000
__Htext6                                  text6        0000
__Htext7                                  text7        0000
__Htext8                                  text8        0000
__Htext9                                  text9        0000
__LRAM                                    (abs)        0001
__L__absolute__                           __absolute__ 0000
__Labs1                                   abs1         0000
__Lbank0                                  bank0        0000
__Lbank1                                  bank1        0000
__Lbank10                                 bank10       0000
__Lbank11                                 bank11       0000
__Lbank12                                 bank12       0000
__Lbank13                                 bank13       0000
__Lbank14                                 bank14       0000
__Lbank15                                 bank15       0000
__Lbank2                                  bank2        0000
__Lbank3                                  bank3        0000
__Lbank4                                  bank4        0000
__Lbank5                                  bank5        0000
__Lbank6                                  bank6        0000
__Lbank7                                  bank7        0000
__Lbank8                                  bank8        0000
__Lbank9                                  bank9        0000
__Lbigbss                                 bigbss       0000
__Lbigdata                                bigdata      0000
__Lbigram                                 bigram       0000
__Lbigsfr                                 bigsfr       0000
__Lbss                                    bss          0000
__LbssCOMRAM                              bssCOMRAM    0000
__Lcinit                                  cinit        0000
__Lclrtext                                clrtext      0000
__Lcomram                                 comram       0000
__Lconfig                                 config       0000
__Lconst                                  const        0000
__LcstackCOMRAM                           cstackCOMRAM 0000
__Ldata                                   data         0000
__LdataCOMRAM                             dataCOMRAM   0000
__Leeprom_data                            eeprom_data  0000
__Lfarbss                                 farbss       0000
__Lfardata                                fardata      0000
__Lheap                                   heap         0000
__Libigdata                               ibigdata     0000
__Lidata                                  idata        0000
__LidataCOMRAM                            idataCOMRAM  0000
__Lidloc                                  idloc        0000
__Lifardata                               ifardata     0000
__Linit                                   init         000E
__Lintcode                                intcode      0008
__Lintcode_body                           intcode_body 0000
__Lintcodelo                              intcodelo    000E
__Lintentry                               intentry     0000
__Lintret                                 intret       0000
__Lintsave_regs                           intsave_regs 0000
__Lirdata                                 irdata       0000
__Lmediumconst                            mediumconst  0000
__LnvFARRAM                               nvFARRAM     0000
__Lnvbit                                  nvbit        0000
__Lnvrram                                 nvrram       0000
__Lparam                                  rparam       0000
__Lpowerup                                powerup      000E
__Lram                                    ram          0000
__Lramtop                                 ramtop       1000
__Lrbit                                   rbit         0000
__Lrbss                                   rbss         0000
__Lrdata                                  rdata        0000
__Lreset_vec                              reset_vec    0000
__Lrparam                                 rparam       0000
__Lsfr                                    sfr          0000
__Lsmallconst                             smallconst   1000
__Lspace_0                                (abs)        0000
__Lspace_1                                (abs)        0000
__Lspace_2                                (abs)        0000
__Lspace_4                                (abs)        0000
__Lstack                                  stack        0000
__Lstruct                                 struct       0000
__Ltemp                                   temp         006B
__Ltext                                   text         0000
__Ltext0                                  text0        0000
__Ltext1                                  text1        0000
__Ltext10                                 text10       0000
__Ltext11                                 text11       0000
__Ltext12                                 text12       0000
__Ltext13                                 text13       0000
__Ltext14                                 text14       0000
__Ltext15                                 text15       0000
__Ltext16                                 text16       0000
__Ltext17                                 text17       0000
__Ltext18                                 text18       0000
__Ltext19                                 text19       0000
__Ltext2                                  text2        0000
__Ltext20                                 text20       0000
__Ltext21                                 text21       0000
__Ltext22                                 text22       0000
__Ltext23                                 text23       0000
__Ltext24                                 text24       0000
__Ltext25                                 text25       0000
__Ltext26                                 text26       0000
__Ltext27                                 text27       0000
__Ltext29                                 text29       0000
__Ltext3                                  text3        0000
__Ltext30                                 text30       0000
__Ltext31                                 text31       0000
__Ltext4                                  text4        0000
__Ltext5                                  text5        0000
__Ltext6                                  text6        0000
__Ltext7                                  text7        0000
__Ltext8                                  text8        0000
__Ltext9                                  text9        0000
__S0                                      (abs)        2314
__S1                                      (abs)        006C
__S4                                      (abs)        0000
__S5                                      (abs)        0000
___awdiv                                  text27       1996
___awdiv@counter                          cstackCOMRAM 0043
___awdiv@dividend                         cstackCOMRAM 003F
___awdiv@divisor                          cstackCOMRAM 0041
___awdiv@quotient                         cstackCOMRAM 0045
___awdiv@sign                             cstackCOMRAM 0044
___awmod                                  text26       1A5A
___awmod@counter                          cstackCOMRAM 0043
___awmod@dividend                         cstackCOMRAM 003F
___awmod@divisor                          cstackCOMRAM 0041
___awmod@sign                             cstackCOMRAM 0044
___heap_hi                                (abs)        0000
___heap_lo                                (abs)        0000
___inthi_sp                               stack        0000
___inthi_stack_hi                         stack        0000
___inthi_stack_lo                         stack        0000
___intlo_sp                               stack        0000
___intlo_stack_hi                         stack        0000
___intlo_stack_lo                         stack        0000
___param_bank                             (abs)        0000
___rparam_used                            (abs)        0001
___sp                                     stack        0000
___stack_hi                               stack        0000
___stack_lo                               stack        0000
__accesstop                               (abs)        0080
__activetblptr                            (abs)        0003
__end_of_InterruptManagerHigh             intcode_body 2266
__end_of_Interrupt_handler                text30       2314
__end_of_TMR0_ISR                         text29       229C
__end_of_Timer0_Init                      text22       1CE4
__end_of_Timer0_Mode_Select               text25       1DD0
__end_of_Timer0_Prescaler_Config          text24       1FF2
__end_of_Timer0_Register_Size_Config      text23       21FA
__end_of___awdiv                          text27       1A5A
__end_of___awmod                          text26       1B0A
__end_of__initialization                  cinit        2226
__end_of_application_initialize           text9        22C8
__end_of_btn_values                       smallconst   1011
__end_of_gpio_pin__initialize             text18       1E96
__end_of_gpio_pin_direction_initialize    text20       16C2
__end_of_gpio_pin_read_logic              text7        1C56
__end_of_gpio_pin_write_logic             text19       17D2
__end_of_gpio_port_direction_initialize   text21       210E
__end_of_gpio_port_write_logic            text8        20CC
__end_of_keypad_get_value                 text6        1996
__end_of_keypad_initialize                text17       1E38
__end_of_lcd_4bit_initialize              text11       18B8
__end_of_lcd_4bit_send_char_data          text5        1F48
__end_of_lcd_4bit_send_char_data_pos      text3        2186
__end_of_lcd_4bit_send_command            text14       1FA0
__end_of_lcd_4bit_send_string             text2        1EF0
__end_of_lcd_4bit_send_string_pos         text1        21C0
__end_of_lcd_4bits_set_cursor             text4        1BB2
__end_of_lcd_4bits_sned_enable_signal     text16       2310
__end_of_lcd_8bit_send_command            text12       1D5A
__end_of_lcd_8bits_sned_enable_signal     text13       22EE
__end_of_lcd_send_4bits                   text15       2042
__end_of_main                             text0        159C
__end_of_sev_seg_initialize               text10       208A
__initialization                          cinit        21FA
__mediumconst                             mediumconst  0000
__pbssCOMRAM                              bssCOMRAM    005A
__pcinit                                  cinit        21FA
__pcstackCOMRAM                           cstackCOMRAM 003D
__pdataCOMRAM                             dataCOMRAM   0001
__pidataCOMRAM                            idataCOMRAM  210E
__pintcode                                intcode      0008
__pintcode_body                           intcode_body 2230
__psmallconst                             smallconst   1000
__ptext0                                  text0        1056
__ptext1                                  text1        2186
__ptext10                                 text10       2042
__ptext11                                 text11       17D2
__ptext12                                 text12       1CE4
__ptext13                                 text13       22C8
__ptext14                                 text14       1F48
__ptext15                                 text15       1FF2
__ptext16                                 text16       22EE
__ptext17                                 text17       1DD0
__ptext18                                 text18       1E38
__ptext19                                 text19       16C2
__ptext2                                  text2        1E96
__ptext20                                 text20       159C
__ptext21                                 text21       20CC
__ptext22                                 text22       1C56
__ptext23                                 text23       21C0
__ptext24                                 text24       1FA0
__ptext25                                 text25       1D5A
__ptext26                                 text26       1A5A
__ptext27                                 text27       1996
__ptext29                                 text29       2266
__ptext3                                  text3        214A
__ptext30                                 text30       2310
__ptext31                                 text31       0000
__ptext4                                  text4        1B0A
__ptext5                                  text5        1EF0
__ptext6                                  text6        18B8
__ptext7                                  text7        1BB2
__ptext8                                  text8        208A
__ptext9                                  text9        229C
__ramtop                                  ramtop       1000
__smallconst                              smallconst   1000
_application_initialize                   text9        229C
_btn_values                               smallconst   1001
_digit_one                                bssCOMRAM    0069
_digit_two                                bssCOMRAM    0068
_gpio_pin__initialize                     text18       1E38
_gpio_pin_direction_initialize            text20       159C
_gpio_pin_read_logic                      text7        1BB2
_gpio_pin_write_logic                     text19       16C2
_gpio_port_direction_initialize           text21       20CC
_gpio_port_write_logic                    text8        208A
_hour                                     bssCOMRAM    0064
_key_pad                                  dataCOMRAM   0023
_keypad_Value                             bssCOMRAM    006A
_keypad_get_value                         text6        18B8
_keypad_initialize                        text17       1DD0
_lat_reg                                  dataCOMRAM   000B
_lcd1_counter                             bssCOMRAM    0067
_lcd_1                                    dataCOMRAM   0032
_lcd_4bit_initialize                      text11       17D2
_lcd_4bit_send_char_data                  text5        1EF0
_lcd_4bit_send_char_data_pos              text3        214A
_lcd_4bit_send_command                    text14       1F48
_lcd_4bit_send_string                     text2        1E96
_lcd_4bit_send_string_pos                 text1        2186
_lcd_4bits_set_cursor                     text4        1B0A
_lcd_4bits_sned_enable_signal             text16       22EE
_lcd_8bit_send_command                    text12       1CE4
_lcd_8bits_sned_enable_signal             text13       22C8
_lcd_send_4bits                           text15       1FF2
_main                                     text0        1056
_min                                      bssCOMRAM    0065
_port_reg                                 dataCOMRAM   0001
_sec                                      bssCOMRAM    0066
_seg_1                                    dataCOMRAM   0038
_sev_seg_initialize                       text10       2042
_timer0_preload                           bssCOMRAM    0062
_timer_0                                  dataCOMRAM   002B
_tris_reg                                 dataCOMRAM   0015
btemp                                     temp         006B
end_of_initialization                     cinit        2226
gpio_pin__initialize@_pin_config          cstackCOMRAM 0047
gpio_pin__initialize@ret                  cstackCOMRAM 0049
gpio_pin_direction_initialize@_pin_config cstackCOMRAM 003F
gpio_pin_direction_initialize@ret         cstackCOMRAM 0045
gpio_pin_read_logic@_pin_config           cstackCOMRAM 003F
gpio_pin_read_logic@logic                 cstackCOMRAM 0040
gpio_pin_read_logic@ret                   cstackCOMRAM 0045
gpio_pin_write_logic@_pin_config          cstackCOMRAM 003F
gpio_pin_write_logic@logic                cstackCOMRAM 0040
gpio_pin_write_logic@ret                  cstackCOMRAM 0046
gpio_port_direction_initialize@direction  cstackCOMRAM 003F
gpio_port_direction_initialize@port       cstackCOMRAM 0043
gpio_port_direction_initialize@ret        cstackCOMRAM 0042
gpio_port_write_logic@logic               cstackCOMRAM 0047
gpio_port_write_logic@port                cstackCOMRAM 004B
gpio_port_write_logic@ret                 cstackCOMRAM 004A
int$flags                                 temp         006B
int_func                                  intcode_body 2230
intlevel0                                 text         0000
intlevel1                                 text         0000
intlevel2                                 text         0000
intlevel3                                 text         0000
isa$std                                   (abs)        0001
isa$xinst                                 (abs)        0000
keypad_get_value@_keypad_obj              cstackCOMRAM 0047
keypad_get_value@column_logic             cstackCOMRAM 004B
keypad_get_value@l_columns_counter        cstackCOMRAM 004E
keypad_get_value@l_counter                cstackCOMRAM 004C
keypad_get_value@l_rows_counter           cstackCOMRAM 004D
keypad_get_value@ret                      cstackCOMRAM 004A
keypad_get_value@value                    cstackCOMRAM 0048
keypad_initialize@_keypad_obj             cstackCOMRAM 004A
keypad_initialize@columns_counter         cstackCOMRAM 004D
keypad_initialize@ret                     cstackCOMRAM 004B
keypad_initialize@rows_counter            cstackCOMRAM 004C
lcd_4bit_initialize@l_data_pins_counter   cstackCOMRAM 0051
lcd_4bit_initialize@lcd                   cstackCOMRAM 004F
lcd_4bit_initialize@ret                   cstackCOMRAM 0052
lcd_4bit_send_char_data@data              cstackCOMRAM 004B
lcd_4bit_send_char_data@lcd               cstackCOMRAM 004A
lcd_4bit_send_char_data@ret               cstackCOMRAM 004C
lcd_4bit_send_char_data_pos@column        cstackCOMRAM 0055
lcd_4bit_send_char_data_pos@data          cstackCOMRAM 0056
lcd_4bit_send_char_data_pos@lcd           cstackCOMRAM 0053
lcd_4bit_send_char_data_pos@ret           cstackCOMRAM 0057
lcd_4bit_send_char_data_pos@row           cstackCOMRAM 0054
lcd_4bit_send_command@command             cstackCOMRAM 004B
lcd_4bit_send_command@lcd                 cstackCOMRAM 004A
lcd_4bit_send_command@ret                 cstackCOMRAM 004C
lcd_4bit_send_string@lcd                  cstackCOMRAM 004D
lcd_4bit_send_string@ret                  cstackCOMRAM 004F
lcd_4bit_send_string@str                  cstackCOMRAM 004E
lcd_4bit_send_string_pos@column           cstackCOMRAM 0055
lcd_4bit_send_string_pos@lcd              cstackCOMRAM 0053
lcd_4bit_send_string_pos@ret              cstackCOMRAM 0057
lcd_4bit_send_string_pos@row              cstackCOMRAM 0054
lcd_4bit_send_string_pos@str              cstackCOMRAM 0056
lcd_4bits_set_cursor@column               cstackCOMRAM 004F
lcd_4bits_set_cursor@lcd                  cstackCOMRAM 004D
lcd_4bits_set_cursor@ret                  cstackCOMRAM 0052
lcd_4bits_set_cursor@row                  cstackCOMRAM 004E
lcd_4bits_sned_enable_signal@lcd          cstackCOMRAM 0047
lcd_8bit_send_command@command             cstackCOMRAM 004A
lcd_8bit_send_command@l_pin_counter       cstackCOMRAM 004E
lcd_8bit_send_command@lcd                 cstackCOMRAM 0049
lcd_8bit_send_command@ret                 cstackCOMRAM 004D
lcd_8bits_sned_enable_signal@lcd          cstackCOMRAM 0047
lcd_8bits_sned_enable_signal@ret          cstackCOMRAM 0048
lcd_send_4bits@_data_command              cstackCOMRAM 0048
lcd_send_4bits@lcd                        cstackCOMRAM 0047
lcd_send_4bits@ret                        cstackCOMRAM 0049
sev_seg_initialize@ret                    cstackCOMRAM 004B
sev_seg_initialize@seg                    cstackCOMRAM 004A
stackhi                                   (abs)        0000
stacklo                                   (abs)        0000
start                                     init         000E
start_initialization                      cinit        21FA
ttemp5                                    temp         006C
ttemp6                                    temp         006F
ttemp7                                    temp         0073
wtemp8                                    temp         006C


MODULE INFORMATION

Module		Function		Class		Link	Load	Size
ECU_layer/LCD/ecu_lcd.c
		_lcd_4bits_set_cursor		CODE           	1B0A	0000	168
		_lcd_4bit_send_command		CODE           	1F48	0000	88
		_lcd_4bit_send_string_pos		CODE           	2186	0000	58
		_lcd_4bit_send_char_data		CODE           	1EF0	0000	88
		_lcd_send_4bits		CODE           	1FF2	0000	80
		_lcd_4bit_send_char_data_pos		CODE           	214A	0000	60
		_lcd_8bits_sned_enable_signal		CODE           	22C8	0000	38
		_lcd_4bits_sned_enable_signal		CODE           	22EE	0000	34
		_lcd_8bit_send_command		CODE           	1CE4	0000	118
		_lcd_4bit_initialize		CODE           	17D2	0000	230
		_lcd_4bit_send_string		CODE           	1E96	0000	90

ECU_layer/LCD/ecu_lcd.c estimated size: 1052

ECU_layer/keypad/ecu_key_pad.c
		_keypad_get_value		CODE           	18B8	0000	222
		_keypad_initialize		CODE           	1DD0	0000	104

ECU_layer/keypad/ecu_key_pad.c estimated size: 326

Mcal_layer/interrupt/mcal_interrupt_manager.c
		_InterruptManagerHigh		CODE           	0008	0000	60

Mcal_layer/interrupt/mcal_interrupt_manager.c estimated size: 60

Mcal_layer/TIMER0/hal_timer0.c
		_Timer0_Register_Size_Config		CODE           	21C0	0000	58
		_Timer0_Init   		CODE           	1C56	0000	142
		_Timer0_Prescaler_Config		CODE           	1FA0	0000	82
		_Timer0_Mode_Select		CODE           	1D5A	0000	118
		_TMR0_ISR      		CODE           	2266	0000	54

Mcal_layer/TIMER0/hal_timer0.c estimated size: 454

Mcal_layer/GPIO/hal_gpio.c
		_gpio_pin__initialize		CODE           	1E38	0000	94
		_gpio_pin_write_logic		CODE           	16C2	0000	272
		_gpio_pin_read_logic		CODE           	1BB2	0000	164
		_gpio_pin_direction_initialize		CODE           	159C	0000	294
		_gpio_port_direction_initialize		CODE           	20CC	0000	66
		_gpio_port_write_logic		CODE           	208A	0000	66

Mcal_layer/GPIO/hal_gpio.c estimated size: 956

C:\Program Files\Microchip\xc8\v2.45\pic\sources\c99\common\awmod.c
		___awmod       		CODE           	1A5A	0000	176

C:\Program Files\Microchip\xc8\v2.45\pic\sources\c99\common\awmod.c estimated size: 176

shared
		_btn_values    		SMALLCONST     	1001	0000	16
		__initialization		CODE           	21FA	0000	44

shared estimated size: 60

ECU_layer/sev_seg/ecu_sev_seg.c
		_sev_seg_initialize		CODE           	2042	0000	72

ECU_layer/sev_seg/ecu_sev_seg.c estimated size: 72

application.c
		_application_initialize		CODE           	229C	0000	44
		_main          		CODE           	1056	0000	1350
		_Interrupt_handler		CODE           	2310	0000	4

application.c estimated size: 1398

C:\Program Files\Microchip\xc8\v2.45\pic\sources\c99\common\awdiv.c
		___awdiv       		CODE           	1996	0000	196

C:\Program Files\Microchip\xc8\v2.45\pic\sources\c99\common\awdiv.c estimated size: 196

